V3 7
FL "C:/Users/Chaitanya Paikara/Documents/GitHub/Xilinx_FPGA/I2C/Main.vhf" 2016/05/22.22:38:21 P.28xd
EN work/Main 1470765205 \
      FL "C:/Users/Chaitanya Paikara/Documents/GitHub/Xilinx_FPGA/I2C/Main.vhf" \
      PB ieee/std_logic_1164 1341906176 PB ieee/NUMERIC_STD 1341906182 LB UNISIM \
      PH unisim/VCOMPONENTS 1341906184
AR work/Main/BEHAVIORAL 1470765206 \
      FL "C:/Users/Chaitanya Paikara/Documents/GitHub/Xilinx_FPGA/I2C/Main.vhf" \
      EN work/Main 1470765205 CP Code_V2 CP Slave CP PULLUP
